// Jest Snapshot v1, https://goo.gl/fbAQLP

exports['<Main /> should render the heading 1'] = `
.c0 {
  display: -webkit-box;
  display: -webkit-flex;
  display: -ms-flexbox;
  display: flex;
  -webkit-flex-direction: column;
  -ms-flex-direction: column;
  flex-direction: column;
  -webkit-align-items: center;
  -webkit-box-align: center;
  -ms-flex-align: center;
  align-items: center;
  -webkit-box-pack: center;
  -webkit-justify-content: center;
  -ms-flex-pack: center;
  justify-content: center;
  color: #FFF;
  padding: 3rem;
  height: 100%;
  width: 100%;
  background-color: #06092B;
}

.c1 {
  margin-bottom: 2rem;
  width: 25rem;
}

.c2 {
  font-size: 2.5rem;
  margin-bottom: 1rem;
}

.c3 {
  font-size: 2.5rem;
  font-weight: 700;
}

.c4 {
  margin-top: 3rem;
  width: min(30rem,100%);
}

<main
  class="c0"
>
  <img
    alt="Imagem de um átomo e React (NextJS) - Boilerplate escrito ao lado"
    class="c1"
    src="/images/logo.svg"
  />
  <h1
    class="c2"
  >
    React - Boilerplate
  </h1>
  <p
    class="c3"
  >
    Typescript, ReactJS, NextJS e Styled Components
  </p>
  <img
    alt="Desenvolvedor de frente para uma tela com código"
    class="c4"
    src="/images/hero-illustration.svg"
  />
</main>
`
